
Discarded input sections

 .text          0x00000000        0x0 build/startup.o
 .data          0x00000000        0x0 build/startup.o
 .bss           0x00000000        0x0 build/startup.o
 .text          0x00000000        0x0 build/dfu.o
 .data          0x00000000        0x0 build/dfu.o
 .bss           0x00000000        0x0 build/dfu.o
 .debug_line    0x00000000        0x0 build/dfu.o
 .debug_str     0x00000000      0x10f build/dfu.o
 .comment       0x00000000       0x27 build/dfu.o
 .ARM.attributes
                0x00000000       0x2d build/dfu.o
 .text          0x00000000        0x0 build/main.o
 .data          0x00000000        0x0 build/main.o
 .bss           0x00000000        0x0 build/main.o
 .text          0x00000000        0x0 build/system.o
 .data          0x00000000        0x0 build/system.o
 .bss           0x00000000        0x0 build/system.o
 .text._Z8delay_msm
                0x00000000       0x14 build/system.o
 .text._Z10clock_initv
                0x00000000       0x44 build/system.o
 .text._Z12systick_initv
                0x00000000       0x14 build/system.o
 .text          0x00000000        0x0 build/usb.o
 .data          0x00000000        0x0 build/usb.o
 .bss           0x00000000        0x0 build/usb.o
 .debug_line    0x00000000        0x0 build/usb.o
 .debug_str     0x00000000      0x10f build/usb.o
 .comment       0x00000000       0x27 build/usb.o
 .ARM.attributes
                0x00000000       0x2d build/usb.o

Memory Configuration

Name             Origin             Length             Attributes
FLASH            0x08000000         0x00002000         xr
SRAM             0x20000000         0x00005000         xrw
*default*        0x00000000         0xffffffff

Linker script and memory map

LOAD build/startup.o
LOAD build/dfu.o
LOAD build/main.o
LOAD build/system.o
LOAD build/usb.o
                0x20005000                        __stack_top = (ORIGIN (SRAM) + LENGTH (SRAM))

.isr_vector     0x08000000       0xec
 *(.isr_vector)
 .isr_vector    0x08000000       0xec build/startup.o

.text           0x080000ec       0xd0
 *(.text)
 *(.text.*)
 .text.Reset_Handler
                0x080000ec       0x60 build/startup.o
                0x080000ec                Reset_Handler
 .text.Default_Handler
                0x0800014c        0x4 build/startup.o
                0x0800014c                EXTI2_IRQHandler
                0x0800014c                DebugMon_Handler
                0x0800014c                TIM1_CC_IRQHandler
                0x0800014c                HardFault_Handler
                0x0800014c                PVD_IRQHandler
                0x0800014c                PendSV_Handler
                0x0800014c                NMI_Handler
                0x0800014c                EXTI3_IRQHandler
                0x0800014c                USB_HP_CAN_TX_IRQHandler
                0x0800014c                EXTI0_IRQHandler
                0x0800014c                I2C2_EV_IRQHandler
                0x0800014c                DMA1_channel7_IRQHandler
                0x0800014c                UsageFault_Handler
                0x0800014c                ADC1_2_IRQHandler
                0x0800014c                SPI1_IRQHandler
                0x0800014c                CAN_SCE_IRQHandler
                0x0800014c                TAMPER_IRQHandler
                0x0800014c                DMA1_Channel4_IRQHandler
                0x0800014c                RTC_IRQHandler
                0x0800014c                TIM4_IRQHandler
                0x0800014c                CAN_RX1_IRQHandler
                0x0800014c                I2C1_EV_IRQHandler
                0x0800014c                DMA1_Channel6_IRQHandler
                0x0800014c                TIM3_IRQHandler
                0x0800014c                RCC_IRQHandler
                0x0800014c                TIM1_TRG_COM_IRQHandler
                0x0800014c                DMA1_Channel1_IRQHandler
                0x0800014c                Default_Handler
                0x0800014c                EXTI15_10_IRQHandler
                0x0800014c                EXTI9_5_IRQHandler
                0x0800014c                SPI2_IRQHandler
                0x0800014c                USB_LP_CAN_RX0_IRQHandler
                0x0800014c                MemManage_Handler
                0x0800014c                SVC_Handler
                0x0800014c                DMA1_Channel5_IRQHandler
                0x0800014c                EXTI4_IRQHandler
                0x0800014c                DMA1_Channel3_IRQHandler
                0x0800014c                TIM1_UP_IRQHandler
                0x0800014c                WWDG_IRQHandler
                0x0800014c                TIM2_IRQHandler
                0x0800014c                TIM1_BRK_IRQHandler
                0x0800014c                EXTI1_IRQHandler
                0x0800014c                RTCAlarm_IRQHandler
                0x0800014c                USART2_IRQHandler
                0x0800014c                I2C2_ER_IRQHandler
                0x0800014c                DMA1_Channel2_IRQHandler
                0x0800014c                FLASH_IRQHandler
                0x0800014c                BusFault_Handler
                0x0800014c                USART1_IRQHandler
                0x0800014c                I2C1_ER_IRQHandler
                0x0800014c                USBWakeUp_IRQHandler
 .text._ZL5delaym
                0x08000150       0x12 build/main.o
 *fill*         0x08000162        0x2 
 .text.main     0x08000164       0x48 build/main.o
                0x08000164                main
 .text.SysTick_Handler
                0x080001ac       0x10 build/system.o
                0x080001ac                SysTick_Handler
 *(.rodata)
 *(.rodata.*)
                0x080001bc                        __preinit_array_start = .
 *(.preinit_array*)
                0x080001bc                        __preinit_array_end = .
                0x080001bc                        __init_array_start = .
 *(.init_array*)
                0x080001bc                        __init_array_end = .
                0x080001bc                        __fini_array_start = .
 *(.fini_array*)
                0x080001bc                        __fini_array_end = .
                0x080001bc                        __data_load = LOADADDR (.data)

.glue_7         0x080001bc        0x0
 .glue_7        0x080001bc        0x0 linker stubs

.glue_7t        0x080001bc        0x0
 .glue_7t       0x080001bc        0x0 linker stubs

.vfp11_veneer   0x080001bc        0x0
 .vfp11_veneer  0x080001bc        0x0 linker stubs

.v4_bx          0x080001bc        0x0
 .v4_bx         0x080001bc        0x0 linker stubs

.iplt           0x080001bc        0x0
 .iplt          0x080001bc        0x0 build/startup.o

.rel.dyn        0x080001bc        0x0
 .rel.iplt      0x080001bc        0x0 build/startup.o

.data           0x20000000        0x0 load address 0x080001bc
                0x20000000                        __data_start = .
 *(.data)
 *(.data.*)
                0x20000000                        __data_end = .

.igot.plt       0x20000000        0x0 load address 0x080001bc
 .igot.plt      0x20000000        0x0 build/startup.o

.bss            0x20000000        0x4 load address 0x080001bc
                0x20000000                        __bss_start = .
 *(.bss)
 *(.bss.*)
 .bss._ZN12_GLOBAL__N_14g_msE
                0x20000000        0x4 build/system.o
 *(COMMON)
                0x20000004                        __bss_end = .

/DISCARD/
 *(.ARM.exidx*)
 *(.ARM.extab*)
 *(.eh_frame*)
OUTPUT(build/blue_pill_bootloader.elf elf32-littlearm)
LOAD linker stubs

.ARM.attributes
                0x00000000       0x2f
 .ARM.attributes
                0x00000000       0x21 build/startup.o
 .ARM.attributes
                0x00000021       0x2d build/main.o
 .ARM.attributes
                0x0000004e       0x2d build/system.o

.comment        0x00000000       0x26
 .comment       0x00000000       0x26 build/main.o
                                 0x27 (size before relaxing)
 .comment       0x00000026        0x0 build/system.o
                                 0x27 (size before relaxing)

.debug_info     0x00000000     0x10cd
 .debug_info    0x00000000      0x86e build/main.o
 .debug_info    0x0000086e      0x85f build/system.o

.debug_abbrev   0x00000000      0x3b0
 .debug_abbrev  0x00000000      0x1e3 build/main.o
 .debug_abbrev  0x000001e3      0x1cd build/system.o

.debug_aranges  0x00000000       0x60
 .debug_aranges
                0x00000000       0x28 build/main.o
 .debug_aranges
                0x00000028       0x38 build/system.o

.debug_rnglists
                0x00000000       0x3e
 .debug_rnglists
                0x00000000       0x19 build/main.o
 .debug_rnglists
                0x00000019       0x25 build/system.o

.debug_line     0x00000000      0x381
 .debug_line    0x00000000      0x17e build/main.o
 .debug_line    0x0000017e      0x203 build/system.o

.debug_str      0x00000000      0x56e
 .debug_str     0x00000000      0x56e build/main.o
                                0x5c8 (size before relaxing)
 .debug_str     0x0000056e        0x0 build/system.o
                                0x5dc (size before relaxing)

.debug_frame    0x00000000       0x94
 .debug_frame   0x00000000       0x44 build/main.o
 .debug_frame   0x00000044       0x50 build/system.o

.debug_loclists
                0x00000000       0x17
 .debug_loclists
                0x00000000       0x17 build/system.o
